Microchip MPLAB XC8 Compiler V1.20 ()

Linker command line:

--edf=/opt/microchip/xc8/v1.20/dat/en_msgs.txt -cs \
  -h+dist/PierinPIC18/production/PierinPIC18.X.production.sym \
  --cmf=dist/PierinPIC18/production/PierinPIC18.X.production.cmf -z \
  -Q18F47J53 -o/tmp/cgtKlWDb8 \
  -Mdist/PierinPIC18/production/PierinPIC18.X.production.map -E1 -ver=XC8 \
  -ACODE=01000h-01FFF7h -ACONST=01000h-01FFF7h \
  -ASMALLCONST=01000h-010FFhx495,01FF00h-01FFF7h \
  -AMEDIUMCONST=01000h-0FFFFh,010F00h-01FFF7h -ACOMRAM=01h-05Fh \
  -AABS1=00h-0EAFh -ABIGRAM=01h-0EAFh \
  -ARAM=060h-0FFh,0100h-01FFhx13,0E00h-0EAFh -ABANK0=060h-0FFh \
  -ABANK1=0100h-01FFh -ABANK2=0200h-02FFh -ABANK3=0300h-03FFh \
  -ABANK4=0400h-04FFh -ABANK5=0500h-05FFh -ABANK6=0600h-06FFh \
  -ABANK7=0700h-07FFh -ABANK8=0800h-08FFh -ABANK9=0900h-09FFh \
  -ABANK10=0A00h-0AFFh -ABANK11=0B00h-0BFFh -ABANK12=0C00h-0CFFh \
  -ABANK13=0D00h-0DFFh -ABANK14=0E00h-0EAFh \
  -ASFR=0EB0h-0EFFh,0F00h-0F5Fh,0F60h-0FFFh \
  -preset_vec=01000h,intcode=01008h,intcodelo=01018h,powerup,init,end_init \
  -pramtop=0F00h -psmallconst=SMALLCONST -pmediumconst=MEDIUMCONST \
  -pconst=CONST -AFARRAM=00h-00h -ACONFIG=01FFF8h-01FFFFh -pconfig=CONFIG \
  -pjflash_buffer=01F800h \
  -prdata=COMRAM,nvrram=COMRAM,nvbit=COMRAM,rbss=COMRAM,rbit=COMRAM \
  -pfarbss=FARRAM,fardata=FARRAM,nvFARRAM=FARRAM \
  -pintsave_regs=BIGRAM,bigbss=BIGRAM,bigdata=BIGRAM -pbss=RAM \
  -pidata=CODE,irdata=CODE,ibigdata=CODE,ifardata=CODE /tmp/cgtF3ZGwF.obj \
  dist/PierinPIC18/production/PierinPIC18.X.production.obj 

Object code version is 3.11

Machine type is 18F47J53

Call graph: (short form)




                Name                               Link     Load   Length Selector   Space Scale
/tmp/cgtF3ZGwF.obj
                end_init                           10A2     10A2        4      80C       0
                reset_vec                          1000     1000        4      800       0
                config                            1FFF8    1FFF8        8    1FFF8       0
dist/PierinPIC18/production/PierinPIC18.X.production.obj
                intcodelo                          1018     1018       8A      80C       0
                intcode                            1008     1008       10      804       0
                intcode_body                       10A6     10A6       66      80C       0
                text2                              112E     112E       12      80C       0
                text1                              110C     110C       22      80C       0
                text0                              1140     1140        A      80C       0
                cstackCOMRAM                          1        1       20        1       1
                cinit                              114A     114A        6      80C       0

TOTAL           Name                               Link     Load   Length     Space
        CLASS   CODE           
                end_init                           10A2     10A2        4         0
                intcodelo                          1018     1018       8A         0
                intcode                            1008     1008       10         0
                reset_vec                          1000     1000        4         0
                intcode_body                       10A6     10A6       66         0
                text2                              112E     112E       12         0
                text1                              110C     110C       22         0
                text0                              1140     1140        A         0
                cinit                              114A     114A        6         0

        CLASS   CONST          

        CLASS   SMALLCONST     

        CLASS   MEDIUMCONST    

        CLASS   COMRAM         
                cstackCOMRAM                          1        1       20         1

        CLASS   ABS1           

        CLASS   BIGRAM         

        CLASS   RAM            

        CLASS   BANK0          

        CLASS   BANK1          

        CLASS   BANK2          

        CLASS   BANK3          

        CLASS   BANK4          

        CLASS   BANK5          

        CLASS   BANK6          

        CLASS   BANK7          

        CLASS   BANK8          

        CLASS   BANK9          

        CLASS   BANK10         

        CLASS   BANK11         

        CLASS   BANK12         

        CLASS   BANK13         

        CLASS   BANK14         

        CLASS   SFR            

        CLASS   FARRAM         

        CLASS   CONFIG         
                config                            1FFF8    1FFF8        8         0

        CLASS   IDLOC          



SEGMENTS        Name                           Load    Length   Top    Selector   Space  Class

                cstackCOMRAM                   000001  000020  000021         1       1  COMRAM  
                reset_vec                      001000  000004  001004       800       0  CODE    
                intcode                        001008  000010  001018       804       0  CODE    
                intcodelo                      001018  000138  001150       80C       0  CODE    
                config                         01FFF8  000008  020000     1FFF8       0  CONFIG  


UNUSED ADDRESS RANGES

        Name                Unused          Largest block    Delta
        BANK0            00060-000FF              A0
        BANK1            00100-001FF             100
        BANK10           00A00-00AFF             100
        BANK11           00B00-00BFF             100
        BANK12           00C00-00CFF             100
        BANK13           00D00-00DFF             100
        BANK14           00E00-00EAF              B0
        BANK2            00200-002FF             100
        BANK3            00300-003FF             100
        BANK4            00400-004FF             100
        BANK5            00500-005FF             100
        BANK6            00600-006FF             100
        BANK7            00700-007FF             100
        BANK8            00800-008FF             100
        BANK9            00900-009FF             100
        BIGRAM           00021-00EAF             E8F
        CODE             01004-01007               4
                         01150-1FFF7           1EEA8
        COMRAM           00021-0005F              3F
        CONST            01004-01007               4
                         01150-1FFF7           1EEA8
        FARRAM           00000-00000               1
        MEDIUMCONST      01004-01007               4
                         01150-0FFFF            EEB0
                         10F00-1FFF7            F0F8
        RAM              00060-00EAF             100
        SFR              00EB0-00FFF              60
        SMALLCONST       01004-01007               4
                         01150-1FFF7             100

                                  Symbol Table

_ConfigureOscillator          text2         0112E
_InitApp                      text1         0110C
_LATA                         (abs)         00F89
_LATB                         (abs)         00F8A
_LATC                         (abs)         00F8B
_LATD                         (abs)         00F8C
_LATE                         (abs)         00F8D
_OSCTUNEbits                  (abs)         00F9B
_TRISA                        (abs)         00F92
_TRISC                        (abs)         00F94
_TRISD                        (abs)         00F95
_TRISE                        (abs)         00F96
__CFG_ADCSEL$BIT10            (abs)         00000
__CFG_CFGPLLEN$OFF            (abs)         00000
__CFG_CLKOEC$ON               (abs)         00000
__CFG_CP0$OFF                 (abs)         00000
__CFG_CPUDIV$OSC1             (abs)         00000
__CFG_DSBOREN$OFF             (abs)         00000
__CFG_DSWDTEN$OFF             (abs)         00000
__CFG_DSWDTOSC$INTOSCREF      (abs)         00000
__CFG_DSWDTPS$8192            (abs)         00000
__CFG_FCMEN$OFF               (abs)         00000
__CFG_IESO$OFF                (abs)         00000
__CFG_IOL1WAY$OFF             (abs)         00000
__CFG_LS48MHZ$SYS48X8         (abs)         00000
__CFG_MSSP7B_EN$MSK7          (abs)         00000
__CFG_OSC$HSPLL               (abs)         00000
__CFG_PLLDIV$3                (abs)         00000
__CFG_RTCOSC$T1OSCREF         (abs)         00000
__CFG_SOSCSEL$HIGH            (abs)         00000
__CFG_STVREN$ON               (abs)         00000
__CFG_WDTEN$OFF               (abs)         00000
__CFG_WDTPS$32768             (abs)         00000
__CFG_WPCFG$OFF               (abs)         00000
__CFG_WPDIS$OFF               (abs)         00000
__CFG_WPEND$PAGE_0            (abs)         00000
__CFG_WPFP$PAGE_1             (abs)         00000
__CFG_XINST$OFF               (abs)         00000
__HRAM                        (abs)         00000
__Habs1                       abs1          00000
__Hbank0                      bank0         00000
__Hbank1                      bank1         00000
__Hbank10                     bank10        00000
__Hbank11                     bank11        00000
__Hbank12                     bank12        00000
__Hbank13                     bank13        00000
__Hbank14                     bank14        00000
__Hbank2                      bank2         00000
__Hbank3                      bank3         00000
__Hbank4                      bank4         00000
__Hbank5                      bank5         00000
__Hbank6                      bank6         00000
__Hbank7                      bank7         00000
__Hbank8                      bank8         00000
__Hbank9                      bank9         00000
__Hbigbss                     bigbss        00000
__Hbigdata                    bigdata       00000
__Hbigram                     bigram        00000
__Hbss                        bss           00000
__Hcinit                      cinit         00000
__Hclrtext                    clrtext       00000
__Hcomram                     comram        00000
__Hconfig                     config        20000
__Hconst                      const         00000
__HcstackCOMRAM               cstackCOMRAM  00000
__Hdata                       data          00000
__Hend_init                   end_init      010A6
__Hfarbss                     farbss        00000
__Hfardata                    fardata       00000
__Hibigdata                   ibigdata      00000
__Hidata                      idata         00000
__Hidloc                      idloc         00000
__Hifardata                   ifardata      00000
__Hinit                       init          010A2
__Hintcode                    intcode       01018
__Hintcode_body               intcode_body  00000
__Hintcodelo                  intcodelo     010A2
__Hintentry                   intentry      00000
__Hintret                     intret        00000
__Hintsave_regs               intsave_regs  00000
__Hirdata                     irdata        00000
__Hjflash_buffer              jflash_buffer 1F800
__Hmediumconst                mediumconst   00000
__HnvFARRAM                   nvFARRAM      00000
__Hnvbit                      nvbit         00000
__Hnvrram                     nvrram        00000
__Hparam                      rparam        00000
__Hpowerup                    powerup       010A2
__Hram                        ram           00000
__Hramtop                     ramtop        00F00
__Hrbit                       rbit          00000
__Hrbss                       rbss          00000
__Hrdata                      rdata         00000
__Hreset_vec                  reset_vec     01004
__Hrparam                     rparam        00000
__Hsfr                        sfr           00000
__Hsmallconst                 smallconst    00000
__Hstruct                     struct        00000
__Htemp                       temp          00000
__Htext                       text          00000
__Htext0                      text0         00000
__Htext1                      text1         00000
__Htext2                      text2         00000
__LRAM                        (abs)         00001
__Labs1                       abs1          00000
__Lbank0                      bank0         00000
__Lbank1                      bank1         00000
__Lbank10                     bank10        00000
__Lbank11                     bank11        00000
__Lbank12                     bank12        00000
__Lbank13                     bank13        00000
__Lbank14                     bank14        00000
__Lbank2                      bank2         00000
__Lbank3                      bank3         00000
__Lbank4                      bank4         00000
__Lbank5                      bank5         00000
__Lbank6                      bank6         00000
__Lbank7                      bank7         00000
__Lbank8                      bank8         00000
__Lbank9                      bank9         00000
__Lbigbss                     bigbss        00000
__Lbigdata                    bigdata       00000
__Lbigram                     bigram        00000
__Lbss                        bss           00000
__Lcinit                      cinit         00000
__Lclrtext                    clrtext       00000
__Lcomram                     comram        00000
__Lconfig                     config        1FFF8
__Lconst                      const         00000
__LcstackCOMRAM               cstackCOMRAM  00000
__Ldata                       data          00000
__Lend_init                   end_init      010A2
__Lfarbss                     farbss        00000
__Lfardata                    fardata       00000
__Libigdata                   ibigdata      00000
__Lidata                      idata         00000
__Lidloc                      idloc         00000
__Lifardata                   ifardata      00000
__Linit                       init          010A2
__Lintcode                    intcode       01008
__Lintcode_body               intcode_body  00000
__Lintcodelo                  intcodelo     01018
__Lintentry                   intentry      00000
__Lintret                     intret        00000
__Lintsave_regs               intsave_regs  00000
__Lirdata                     irdata        00000
__Ljflash_buffer              jflash_buffer 1F800
__Lmediumconst                mediumconst   00000
__LnvFARRAM                   nvFARRAM      00000
__Lnvbit                      nvbit         00000
__Lnvrram                     nvrram        00000
__Lparam                      rparam        00000
__Lpowerup                    powerup       010A2
__Lram                        ram           00000
__Lramtop                     ramtop        00F00
__Lrbit                       rbit          00000
__Lrbss                       rbss          00000
__Lrdata                      rdata         00000
__Lreset_vec                  reset_vec     01000
__Lrparam                     rparam        00000
__Lsfr                        sfr           00000
__Lsmallconst                 smallconst    00000
__Lstruct                     struct        00000
__Ltemp                       temp          00000
__Ltext                       text          00000
__Ltext0                      text0         00000
__Ltext1                      text1         00000
__Ltext2                      text2         00000
__S0                          (abs)         20000
__S1                          (abs)         00021
__accesstop                   (abs)         00060
__activetblptr                (abs)         00000
__end_of_ConfigureOscillator  text2         01140
__end_of_InitApp              text1         0112E
__end_of__initialization      cinit         0114A
__end_of_high_isr             intcode_body  0110C
__end_of_low_isr              intcodelo     010A2
__end_of_main                 text0         0114A
__initialization              cinit         0114A
__mediumconst                 mediumconst   00000
__pcinit                      cinit         0114A
__pcstackCOMRAM               cstackCOMRAM  00001
__pintcode                    intcode       01008
__pintcode_body               intcode_body  010A6
__pintcodelo                  intcodelo     01018
__ptext0                      text0         01140
__ptext1                      text1         0110C
__ptext2                      text2         0112E
__ramtop                      ramtop        00F00
__size_of_ConfigureOscillator (abs)         00000
__size_of_InitApp             (abs)         00000
__size_of_high_isr            (abs)         00000
__size_of_low_isr             (abs)         00000
__size_of_main                (abs)         00000
__smallconst                  smallconst    00000
_high_isr                     intcode       01008
_low_isr                      intcodelo     01018
_main                         text0         01140
end_of_initialization         cinit         0114A
int_func                      intcode_body  010A6
intlevel0                     text          00000
intlevel1                     text          00000
intlevel2                     text          00000
intlevel3                     text          00000
start                         init          010A2
start_initialization          cinit         0114A


FUNCTION INFORMATION:

 *************** function _main *****************
 Defined at:
		line 34 in file "main.c"
 Parameters:    Size  Location     Type
		None
 Auto vars:     Size  Location     Type
		None
 Return value:  Size  Location     Type
		None               void
 Registers used:
		wreg, fsr0l, fsr0h, fsr1l, fsr1h, fsr1l, fsr1h, fsr2l, fsr2h, status,2, status,0, pclat, btemp, btemp+1, btemp+2, btemp+3, btemp+4, btemp+5, btemp+6, btemp+7, tosl, structret, tblptrl, tblptrh, tblptru, prodl, prodh, bsr, cstack
 Tracked objects:
		On entry : 
		On exit  : 
		Unchanged: 
 Data sizes:     COMRAM   BANK0   BANK1   BANK2   BANK3   BANK4   BANK5   BANK6   BANK7   BANK8   BANK9  BANK10  BANK11  BANK12  BANK13  BANK14
      Params:         0       0       0       0       0       0       0       0       0       0       0       0       0       0       0       0
      Locals:         0       0       0       0       0       0       0       0       0       0       0       0       0       0       0       0
      Temps:          0       0       0       0       0       0       0       0       0       0       0       0       0       0       0       0
      Totals:         0       0       0       0       0       0       0       0       0       0       0       0       0       0       0       0
Total ram usage:        0 bytes
 Hardware stack levels required when called:    3
 This function calls:
		_ConfigureOscillator
		_InitApp
 This function is called by:
		Startup code after reset
 This function uses a non-reentrant model


 *************** function _InitApp *****************
 Defined at:
		line 29 in file "user.c"
 Parameters:    Size  Location     Type
		None
 Auto vars:     Size  Location     Type
		None
 Return value:  Size  Location     Type
		None               void
 Registers used:
		wreg, status,2
 Tracked objects:
		On entry : 
		On exit  : 
		Unchanged: 
 Data sizes:     COMRAM   BANK0   BANK1   BANK2   BANK3   BANK4   BANK5   BANK6   BANK7   BANK8   BANK9  BANK10  BANK11  BANK12  BANK13  BANK14
      Params:         0       0       0       0       0       0       0       0       0       0       0       0       0       0       0       0
      Locals:         0       0       0       0       0       0       0       0       0       0       0       0       0       0       0       0
      Temps:          0       0       0       0       0       0       0       0       0       0       0       0       0       0       0       0
      Totals:         0       0       0       0       0       0       0       0       0       0       0       0       0       0       0       0
Total ram usage:        0 bytes
 Hardware stack levels used:    1
 Hardware stack levels required when called:    2
 This function calls:
		Nothing
 This function is called by:
		_main
 This function uses a non-reentrant model


 *************** function _ConfigureOscillator *****************
 Defined at:
		line 25 in file "system.c"
 Parameters:    Size  Location     Type
		None
 Auto vars:     Size  Location     Type
		None
 Return value:  Size  Location     Type
		None               void
 Registers used:
		wreg
 Tracked objects:
		On entry : 
		On exit  : 
		Unchanged: 
 Data sizes:     COMRAM   BANK0   BANK1   BANK2   BANK3   BANK4   BANK5   BANK6   BANK7   BANK8   BANK9  BANK10  BANK11  BANK12  BANK13  BANK14
      Params:         0       0       0       0       0       0       0       0       0       0       0       0       0       0       0       0
      Locals:         0       0       0       0       0       0       0       0       0       0       0       0       0       0       0       0
      Temps:          1       0       0       0       0       0       0       0       0       0       0       0       0       0       0       0
      Totals:         1       0       0       0       0       0       0       0       0       0       0       0       0       0       0       0
Total ram usage:        1 bytes
 Hardware stack levels used:    1
 Hardware stack levels required when called:    2
 This function calls:
		Nothing
 This function is called by:
		_main
 This function uses a non-reentrant model


 *************** function _low_isr *****************
 Defined at:
		line 75 in file "interrupts.c"
 Parameters:    Size  Location     Type
		None
 Auto vars:     Size  Location     Type
		None
 Return value:  Size  Location     Type
		None               void
 Registers used:
		None
 Tracked objects:
		On entry : 
		On exit  : 
		Unchanged: 
 Data sizes:     COMRAM   BANK0   BANK1   BANK2   BANK3   BANK4   BANK5   BANK6   BANK7   BANK8   BANK9  BANK10  BANK11  BANK12  BANK13  BANK14
      Params:         0       0       0       0       0       0       0       0       0       0       0       0       0       0       0       0
      Locals:         0       0       0       0       0       0       0       0       0       0       0       0       0       0       0       0
      Temps:         17       0       0       0       0       0       0       0       0       0       0       0       0       0       0       0
      Totals:        17       0       0       0       0       0       0       0       0       0       0       0       0       0       0       0
Total ram usage:       17 bytes
 Hardware stack levels used:    1
 Hardware stack levels required when called:    1
 This function calls:
		Nothing
 This function is called by:
		Interrupt level 1
 This function uses a non-reentrant model


 *************** function _high_isr *****************
 Defined at:
		line 36 in file "interrupts.c"
 Parameters:    Size  Location     Type
		None
 Auto vars:     Size  Location     Type
		None
 Return value:  Size  Location     Type
		None               void
 Registers used:
		None
 Tracked objects:
		On entry : 
		On exit  : 
		Unchanged: 
 Data sizes:     COMRAM   BANK0   BANK1   BANK2   BANK3   BANK4   BANK5   BANK6   BANK7   BANK8   BANK9  BANK10  BANK11  BANK12  BANK13  BANK14
      Params:         0       0       0       0       0       0       0       0       0       0       0       0       0       0       0       0
      Locals:         0       0       0       0       0       0       0       0       0       0       0       0       0       0       0       0
      Temps:         14       0       0       0       0       0       0       0       0       0       0       0       0       0       0       0
      Totals:        14       0       0       0       0       0       0       0       0       0       0       0       0       0       0       0
Total ram usage:       14 bytes
 Hardware stack levels used:    1
 This function calls:
		Nothing
 This function is called by:
		Interrupt level 2
 This function uses a non-reentrant model



MODULE INFORMATION

Module		Function		Class		Link	Load	Size
shared
		__initializatio		CODE           	114A	0000	0

shared estimated size: 0

main.c
		_main          		CODE           	1140	0000	10

main.c estimated size: 10

system.c
		_ConfigureOscil		CODE           	112E	0000	18

system.c estimated size: 18

interrupts.c
		_high_isr      		CODE           	1008	0000	260
		_low_isr       		CODE           	1018	0000	138

interrupts.c estimated size: 398

user.c
		_InitApp       		CODE           	110C	0000	34

user.c estimated size: 34

